ERROR:root:error message
CRITICAL:root:This is a critical message 
